
**** 05/30/24 12:31:02 ***** PSpice 23.1.0 (17 April 2024) **** ID# 0 ********

 ** Profile: "SCHEMATIC1-Sim1"  [ c:\users\paulv\desktop\cadproiectbun\cadprjrealcircuit-pspicefiles\schematic1\sim1.sim ] 


 ****     CIRCUIT DESCRIPTION


******************************************************************************




** Creating circuit file "Sim1.cir" 
** WARNING: THIS AUTOMATICALLY GENERATED FILE MAY BE OVERWRITTEN BY SUBSEQUENT SIMULATIONS

*Libraries: 
* Profile Libraries :
* Local Libraries :
* From [PSPICE NETLIST] section of C:\Users\paulv\AppData\Roaming\SPB_Data\cdssetup\OrCAD_PSpice\23.1.0\PSpice.ini file:
.lib "nom.lib" 

*Analysis directives: 
.DC LIN PARAM rs 10k 80k 100 
.OPTIONS ADVCONV
.PROBE64 V(alias(*)) I(alias(*)) W(alias(*)) D(alias(*)) NOISE(alias(*)) 
.INC "..\SCHEMATIC1.net" 



**** INCLUDING SCHEMATIC1.net ****
* source CADPRJREALCIRCUIT
R_R1         N13625 0  {rs} TC=0,0 
R_R8         N13575 COMPOUT R_R8 15.8k TC=0,0 
.model        R_R8 RES R=1 DEV=1% TC1=0 TC2=0
Q_Q1         VCC N13921 N17056 Q2N2222
R_R4         VCC N13377 R_R4 1.69k TC=0,0 
.model        R_R4 RES R=1 DEV=1% TC1=0 TC2=0
X_U3         N13575 N13961 VCC 0 COMPOUT AD8614/AD
V_V1         VCC 0 16Vdc
X_U1         N13625 VCD VCC 0 VCD AD8614/AD
R_R6         N13899 DCOUT R_R6 12.1k TC=0,0 
.model        R_R6 RES R=1 DEV=1% TC1=0 TC2=0
R_R7         N13377 N13695 R_R7 4.12k TC=0,0 
.model        R_R7 RES R=1 DEV=1% TC1=0 TC2=0
R_R3         VCD N13899 R_R3 6.19k TC=0,0 
.model        R_R3 RES R=1 DEV=1% TC1=0 TC2=0
R_Relay         0 N19308  55 TC=0,0 
R_R2         VCC N13625 R_R2 80.6k TC=0,0 
.model        R_R2 RES R=1 DEV=1% TC1=0 TC2=0
R_R13         N140491 N17056 R_R13 500 TC=0,0 
.model        R_R13 RES R=1 DEV=1% TC1=0 TC2=0
R_R17         DCOUT N13575 R_R17 7.5k TC=0,0 
.model        R_R17 RES R=1 DEV=1% TC1=0 TC2=0
X_D1         N140491 0 D1N5765
R_R18         VCC N13961 R_R18 10k TC=0,0 
.model        R_R18 RES R=1 DEV=1% TC1=0 TC2=0
R_R16         COMPOUT N13921 R_R16 5.36k TC=0,0 
.model        R_R16 RES R=1 DEV=1% TC1=0 TC2=0
R_R19         N13961 0 R_R19 14.7k TC=0,0 
.model        R_R19 RES R=1 DEV=1% TC1=0 TC2=0
R_R5         0 N13377 R_R5 1k TC=0,0 
.model        R_R5 RES R=1 DEV=1% TC1=0 TC2=0
X_U2         N13695 N13899 VCC 0 DCOUT AD8614/AD
X_U4         N19372 N19308 VCC 0 N19308 AD8614/AD
R_R20         N17056 N19372  2k TC=0,0 
R_R21         N19372 0  1k TC=0,0 
.PARAM  rs=10k

**** RESUMING Sim1.cir ****
.END

**** 05/30/24 12:31:02 ***** PSpice 23.1.0 (17 April 2024) **** ID# 0 ********

 ** Profile: "SCHEMATIC1-Sim1"  [ c:\users\paulv\desktop\cadproiectbun\cadprjrealcircuit-pspicefiles\schematic1\sim1.sim ] 


 ****     Diode MODEL PARAMETERS


******************************************************************************




               X_U3.DX         X_U1.DX         X_D1.DLOW       X_D1.DHIGH      
          IS  100.000000E-18  100.000000E-18    1.000000E-15    9.000000E-15 
           N                                    2.15            1.2          
          BV                                    5              99.999000E+12 
         IBV                                  100.000000E-06    1.000000E-03 
          RS    5               5             100                .3          
          TT                                   10.000000E-09                 
         CJO                                   82.852370E-12                 
          VJ                                    1.207694                     
           M                                     .405311                     
          FC                                     .434001                     
          EG                                    1.664            .1          
         XTI                                   10.78           -3.84         


               X_U2.DX         X_U4.DX         
          IS  100.000000E-18  100.000000E-18 
          RS    5               5            


**** 05/30/24 12:31:02 ***** PSpice 23.1.0 (17 April 2024) **** ID# 0 ********

 ** Profile: "SCHEMATIC1-Sim1"  [ c:\users\paulv\desktop\cadproiectbun\cadprjrealcircuit-pspicefiles\schematic1\sim1.sim ] 


 ****     BJT MODEL PARAMETERS


******************************************************************************




               Q2N2222         X_U3.NIX        X_U3.PIX        X_U3.POUT       
               NPN             NPN             PNP             PNP             
       LEVEL    1               1               1               1            
          IS   14.340000E-15  100.000000E-18  100.000000E-18  100.000000E-18 
          BF  255.9           220             220             100            
          NF    1               1               1               1            
         VAF   74.03          130             130             200            
         IKF     .2847                                                       
         ISE   14.340000E-15                                                 
          NE    1.307                                                        
          BR    6.092           1               1               1            
          NR    1               1               1               1            
         ISS    0               0               0               0            
          RB   10                                                            
          RE    0               0               0               0            
          RC    1               0               0               4            
         CJE   22.010000E-12    0               0               0            
         VJE     .75             .75             .75             .75         
         MJE     .377                                                        
         CJC    7.306000E-12    0               0               0            
         VJC     .75             .75             .75             .75         
         MJC     .3416           .33             .33             .33         
        XCJC    1               1               1               1            
         CJS    0               0               0               0            
         VJS     .75             .75             .75             .75         
          TF  411.100000E-12                                                 
         XTF    3                                                            
         VTF    1.7                                                          
         ITF     .6                                                          
          TR   46.910000E-09                                                 
         XTB    1.5                                                          
          KF    0              25.000000E-15   25.000000E-15    0            
          AF    1               1               1               1            
          CN    2.42            2.42            2.2             2.2          
           D     .87             .87             .52             .52         


               X_U3.NOUT       X_U1.NIX        X_U1.PIX        X_U1.POUT       
               NPN             NPN             PNP             PNP             
       LEVEL    1               1               1               1            
          IS  100.000000E-18  100.000000E-18  100.000000E-18  100.000000E-18 
          BF  100             220             220             100            
          NF    1               1               1               1            
         VAF  200             130             130             200            
          BR    1               1               1               1            
          NR    1               1               1               1            
         ISS    0               0               0               0            
          RE    0               0               0               0            
          RC    4               0               0               4            
         CJE    0               0               0               0            
         VJE     .75             .75             .75             .75         
         CJC    0               0               0               0            
         VJC     .75             .75             .75             .75         
         MJC     .33             .33             .33             .33         
        XCJC    1               1               1               1            
         CJS    0               0               0               0            
         VJS     .75             .75             .75             .75         
          KF    0              25.000000E-15   25.000000E-15    0            
          AF    1               1               1               1            
          CN    2.42            2.42            2.2             2.2          
           D     .87             .87             .52             .52         


               X_U1.NOUT       X_U2.NIX        X_U2.PIX        X_U2.POUT       
               NPN             NPN             PNP             PNP             
       LEVEL    1               1               1               1            
          IS  100.000000E-18  100.000000E-18  100.000000E-18  100.000000E-18 
          BF  100             220             220             100            
          NF    1               1               1               1            
         VAF  200             130             130             200            
          BR    1               1               1               1            
          NR    1               1               1               1            
         ISS    0               0               0               0            
          RE    0               0               0               0            
          RC    4               0               0               4            
         CJE    0               0               0               0            
         VJE     .75             .75             .75             .75         
         CJC    0               0               0               0            
         VJC     .75             .75             .75             .75         
         MJC     .33             .33             .33             .33         
        XCJC    1               1               1               1            
         CJS    0               0               0               0            
         VJS     .75             .75             .75             .75         
          KF    0              25.000000E-15   25.000000E-15    0            
          AF    1               1               1               1            
          CN    2.42            2.42            2.2             2.2          
           D     .87             .87             .52             .52         


               X_U2.NOUT       X_U4.NIX        X_U4.PIX        X_U4.POUT       
               NPN             NPN             PNP             PNP             
       LEVEL    1               1               1               1            
          IS  100.000000E-18  100.000000E-18  100.000000E-18  100.000000E-18 
          BF  100             220             220             100            
          NF    1               1               1               1            
         VAF  200             130             130             200            
          BR    1               1               1               1            
          NR    1               1               1               1            
         ISS    0               0               0               0            
          RE    0               0               0               0            
          RC    4               0               0               4            
         CJE    0               0               0               0            
         VJE     .75             .75             .75             .75         
         CJC    0               0               0               0            
         VJC     .75             .75             .75             .75         
         MJC     .33             .33             .33             .33         
        XCJC    1               1               1               1            
         CJS    0               0               0               0            
         VJS     .75             .75             .75             .75         
          KF    0              25.000000E-15   25.000000E-15    0            
          AF    1               1               1               1            
          CN    2.42            2.42            2.2             2.2          
           D     .87             .87             .52             .52         


               X_U4.NOUT       
               NPN             
       LEVEL    1            
          IS  100.000000E-18 
          BF  100            
          NF    1            
         VAF  200            
          BR    1            
          NR    1            
         ISS    0            
          RE    0            
          RC    4            
         CJE    0            
         VJE     .75         
         CJC    0            
         VJC     .75         
         MJC     .33         
        XCJC    1            
         CJS    0            
         VJS     .75         
          KF    0            
          AF    1            
          CN    2.42         
           D     .87         


**** 05/30/24 12:31:02 ***** PSpice 23.1.0 (17 April 2024) **** ID# 0 ********

 ** Profile: "SCHEMATIC1-Sim1"  [ c:\users\paulv\desktop\cadproiectbun\cadprjrealcircuit-pspicefiles\schematic1\sim1.sim ] 


 ****     Resistor MODEL PARAMETERS


******************************************************************************




               R_R8            R_R4            R_R6            R_R7            
           R    1               1               1               1            


               R_R3            R_R2            R_R13           R_R17           
           R    1               1               1               1            


               R_R18           R_R16           R_R19           R_R5            
           R    1               1               1               1            



          JOB CONCLUDED

**** 05/30/24 12:31:02 ***** PSpice 23.1.0 (17 April 2024) **** ID# 0 ********

 ** Profile: "SCHEMATIC1-Sim1"  [ c:\users\paulv\desktop\cadproiectbun\cadprjrealcircuit-pspicefiles\schematic1\sim1.sim ] 


 ****     JOB STATISTICS SUMMARY


******************************************************************************



  Total job time (using Solver 1)   =         .22
